error: this `HashMap` has a hash collision and will lose data
  --> tests/ui/duplicate_map_keys.rs:5:19
   |
LL |     let example = HashMap::from([(5, 1), (5, 2)]);
   |                   ^^^^^^^^^^^^^^^^^^^^^^^^^^^^^^^
   |
   = note: consider using a different keys for all items
   = note: `-D clippy::duplicate-map-keys` implied by `-D warnings`
   = help: to override `-D warnings` add `#[allow(clippy::duplicate_map_keys)]`

error: aborting due to 1 previous error

